2026-09-27_mirage_n136_fix: гравців 15, спостережень 2830, серій 23, ознак 108

[A1] верифікація за каналами
  verif_default  ознак  45  EER 0.0994 [0.0915, 0.111]  AUC 0.9619  FAR@FRR1% 0.462  | партнери EER 0.0797, інші 0.1121
  all            ознак  45  EER 0.0994 [0.0915, 0.111]  AUC 0.9619  FAR@FRR1% 0.462  | партнери EER 0.0797, інші 0.1121
  loco           ознак  32  EER 0.1251 [0.1162, 0.1361]  AUC 0.9421  FAR@FRR1% 0.570  | партнери EER 0.1003, інші 0.1404
  loco_no_cs     ознак  31  EER 0.1213 [0.1129, 0.1316]  AUC 0.9446  FAR@FRR1% 0.528  | партнери EER 0.0974, інші 0.1360
  keydyn         ознак  22  EER 0.1327 [0.1225, 0.1434]  AUC 0.9396  FAR@FRR1% 0.549  | партнери EER 0.1022, інші 0.1460
  combat         ознак   4  EER 0.3286 [0.3169, 0.3428]  AUC 0.7361  FAR@FRR1% 0.831  | партнери EER 0.3096, інші 0.3383

[B10] за часовим проміжком
        канал проміжок_міс  genuine_пар    EER    AUC  genuine_середня_відстань
verif_default          0–1          392 0.0960 0.9633                    0.3833
verif_default          1–2          230 0.1103 0.9585                    0.3990
verif_default          2–3          177 0.0622 0.9857                    0.3643
verif_default           ≥3          318 0.1192 0.9494                    0.4145
         loco          0–1          392 0.1324 0.9425                    0.3905
         loco          1–2          230 0.1316 0.9343                    0.4072
         loco          2–3          177 0.0778 0.9747                    0.3647
         loco           ≥3          318 0.1295 0.9292                    0.4209

[A4] всередині команди (між серіями)
  Vitality       n=5 all   0.8908 (випадково 0.200)
  Vitality       n=5 loco  0.8285 (випадково 0.200)
  Natus Vincere  n=5 all   0.8959 (випадково 0.200)
  Natus Vincere  n=5 loco  0.8678 (випадково 0.200)
  GamerLegion    n=4 all   0.9156 (випадково 0.250)
  GamerLegion    n=4 loco  0.8506 (випадково 0.250)
  помилки на партнера: {'all': {'n_errors': 832, 'to_teammate': 0.1406, 'expected_if_random': 0.2521}, 'loco': {'n_errors': 1054, 'to_teammate': 0.1898, 'expected_if_random': 0.2521}}

[B1] класифікація без контрстрейфу
  {'loco': 0.6276, 'loco_no_cs': 0.6173}

[B2] випадкові підмножини, 200 на розмір (LDA)
  combat k= 6: реальний 0.1760 | випадкові 0.2105 [0.1440; 0.3044] -> перцентиль 23.0
  loco   k=49: реальний 0.6276 | випадкові 0.5723 [0.4933; 0.6321] -> перцентиль 91.0

-> /Users/yuriikuzhii/projects/hltv_parser/article5_movement/outputs/runs/2026-09-27_mirage_n136_fix/review_checks.json
