[side=both] ознак усього 108; з ICC>=0.10: 45

ТОП-12 за ICC — скільки раундів на гравця для надійного профілю:
            feature family  icc1  k_rounds_R80  k_rounds_R90  g_max_pair  n_per_player_bonf
strafe_overlap_frac keydyn  0.63          2.33          5.23        5.30               4.33
           combo_AD keydyn  0.37          6.70         15.07        1.86              14.00
combo_trans_entropy keydyn  0.37          6.77         15.23        2.42               9.56
       switch_per_s  habit  0.35          7.30         16.43        1.78              14.98
    wpn_sniper_frac  habit  0.35          7.36         16.56        1.00              41.04
presses_total_per_s keydyn  0.35          7.40         16.64        2.48               9.23
        frac_scoped  micro  0.32          8.59         19.33        0.91              48.81
 combo_switch_per_s keydyn  0.31          8.87         19.95        2.33              10.05
  zoom_toggle_per_s  habit  0.28         10.12         22.77        0.77              66.69
strafe_switch_per_s  micro  0.28         10.37         23.33        2.53               9.01
    presses_D_per_s keydyn  0.28         10.54         23.72        2.41               9.61
   fwd_switch_per_s  micro  0.27         10.67         24.01        1.88              13.80

медіана по інформативних ознаках:
  раундів на гравця для надійності профілю 0.8: 22   -> демок на сторону: 1.9
  раундів на гравця для надійності профілю 0.9: 50   -> демок на сторону: 4.2
  раундів для power=0.8 попарного тесту (Бонферроні): 24   -> демок на сторону: 2.0

75-й перцентиль по інформативних ознаках:
  раундів на гравця для надійності профілю 0.8: 31   -> демок на сторону: 2.6
  раундів на гравця для надійності профілю 0.9: 69   -> демок на сторону: 5.8
  раундів для power=0.8 попарного тесту (Бонферроні): 35   -> демок на сторону: 2.9

Емпірична крива навчання: плато з 13 раундів (точність 0.73 проти випадкової 0.07)
