попарний крок: 105 пар, групування за series_id
{
  "side": "both",
  "n_obs": 3064,
  "n_players": 15,
  "obs_per_player": {
    "flameZ": 362,
    "ZywOo": 360,
    "ropz": 359,
    "apEX": 357,
    "mezii": 261,
    "w0nderful": 205,
    "makazze": 205,
    "Aleksib": 204,
    "iM": 204,
    "b1t": 203,
    "jL": 101,
    "Twistzz": 61,
    "frozen": 61,
    "jcobbb": 61,
    "Neityu": 60
  },
  "pca_var_2d": 0.21986508654696957,
  "silhouette_full": -0.0077894300378137625,
  "silhouette_pca2": -0.11959962311312035,
  "group_by": "series_id",
  "n_groups": 26,
  "acc_rf_all": 0.6622062663185379,
  "acc_lda_all": 0.7405352480417755,
  "acc_rf_micro": 0.4856396866840731,
  "acc_lda_micro": 0.5075065274151436,
  "acc_rf_keydyn": 0.5727806788511749,
  "acc_lda_keydyn": 0.5881201044386423,
  "acc_rf_habit": 0.4164490861618799,
  "acc_lda_habit": 0.3328981723237598,
  "acc_rf_event": 0.3322454308093995,
  "acc_lda_event": 0.30156657963446476,
  "acc_rf_macro": 0.19451697127937337,
  "acc_lda_macro": 0.1514360313315927,
  "chance": 0.06666666666666667,
  "acc_lda_all_permnull_mean": 0.09949956483899042,
  "acc_lda_all_permnull_p95": 0.10925261096605743,
  "pair_dist_median": 4.66137322587786,
  "pair_dist_min": 2.241990000392493,
  "pair_dist_max": 9.092837536299344,
  "pair_auc_median": 0.9808992562542258,
  "intra_player_spread": 9.304267361224774,
  "separability_ratio": 0.5009930438267475
}
