2026-09-27_dust2_n136_fix: гравців 15, спостережень 3064, серій 26, ознак 108

[A1] верифікація за каналами
  verif_default  ознак  43  EER 0.1409 [0.1315, 0.1482]  AUC 0.9365  FAR@FRR1% 0.550  | партнери EER 0.1030, інші 0.1607
  all            ознак  43  EER 0.1409 [0.1315, 0.1482]  AUC 0.9365  FAR@FRR1% 0.550  | партнери EER 0.1030, інші 0.1607
  loco           ознак  30  EER 0.1740 [0.1633, 0.1863]  AUC 0.9090  FAR@FRR1% 0.614  | партнери EER 0.1429, інші 0.1899
  loco_no_cs     ознак  29  EER 0.1758 [0.1639, 0.1866]  AUC 0.9092  FAR@FRR1% 0.621  | партнери EER 0.1408, інші 0.1894
  keydyn         ознак  21  EER 0.1732 [0.1651, 0.1832]  AUC 0.9090  FAR@FRR1% 0.612  | партнери EER 0.1360, інші 0.1936
  combat         ознак   4  EER 0.3345 [0.3232, 0.3444]  AUC 0.7451  FAR@FRR1% 0.814  | партнери EER 0.2931, інші 0.3518

[B10] за часовим проміжком
        канал проміжок_міс  genuine_пар    EER    AUC  genuine_середня_відстань
verif_default          0–1          705 0.1331 0.9399                    0.4248
verif_default          1–2          285 0.1092 0.9566                    0.4063
verif_default          2–3          223 0.1257 0.9498                    0.4259
verif_default           ≥3          398 0.1758 0.9086                    0.4652
         loco          0–1          705 0.1688 0.9114                    0.4253
         loco          1–2          285 0.1345 0.9320                    0.4098
         loco          2–3          223 0.1561 0.9240                    0.4194
         loco           ≥3          398 0.2130 0.8800                    0.4608

[A4] всередині команди (між серіями)
  Vitality       n=5 all   0.8805 (випадково 0.200)
  Vitality       n=5 loco  0.8299 (випадково 0.200)
  Natus Vincere  n=5 all   0.8923 (випадково 0.200)
  Natus Vincere  n=5 loco  0.8501 (випадково 0.200)
  FaZe           n=4 all   0.8066 (випадково 0.250)
  FaZe           n=4 loco  0.7737 (випадково 0.250)
  помилки на партнера: {'all': {'n_errors': 877, 'to_teammate': 0.1779, 'expected_if_random': 0.2524}, 'loco': {'n_errors': 1128, 'to_teammate': 0.2172, 'expected_if_random': 0.2547}}

[B1] класифікація без контрстрейфу
  {'loco': 0.6319, 'loco_no_cs': 0.6214}

[B2] випадкові підмножини, 200 на розмір (LDA)
  combat k= 6: реальний 0.2614 | випадкові 0.2745 [0.1990; 0.3501] -> перцентиль 39.5
  loco   k=49: реальний 0.6319 | випадкові 0.5917 [0.5305; 0.6423] -> перцентиль 88.5

-> /Users/yuriikuzhii/projects/hltv_parser/article5_movement/outputs/runs/2026-09-27_dust2_n136_fix/review_checks.json
