[1/28] 2026-04-14_iem_natusvincere-vs-furia_dust2: куль 1907
[2/28] 2026-04-14_iem_natusvincere-vs-furia_mirage: куль 1700
[3/28] 2026-04-14_iem_natusvincere-vs-furia_nuke: куль 3387
[4/28] 2026-04-15_iem_natusvincere-vs-aurora_dust2: куль 2183
[5/28] 2026-04-15_iem_natusvincere-vs-aurora_inferno: куль 2416
[6/28] 2026-04-15_iem_natusvincere-vs-aurora_mirage: куль 2610
[7/28] 2026-04-15_iem_natusvincere-vs-hotu_ancient: куль 2696
[8/28] 2026-04-15_iem_natusvincere-vs-hotu_dust2: куль 1885
[9/28] 2026-04-17_iem_natusvincere-vs-vitality_dust2: куль 2103
[10/28] 2026-04-17_iem_natusvincere-vs-vitality_mirage: куль 405
[11/28] 2026-04-17_iem_natusvincere-vs-vitality_mirage2: куль 1207
[12/28] 2026-04-29_blast_natusvincere-vs-faze_ancient: куль 2547
[13/28] 2026-04-29_blast_natusvincere-vs-faze_anubis: куль 2050
[14/28] 2026-05-01_blast_natusvincere-vs-gamerlegion_ancient: куль 1945
[15/28] 2026-05-01_blast_natusvincere-vs-gamerlegion_mirage: куль 2591
[16/28] 2026-05-02_blast_natusvincere-vs-faze_ancient: куль 3204
[17/28] 2026-05-02_blast_natusvincere-vs-faze_dust2: куль 1554
[18/28] 2026-05-11_iem_natusvincere-vs-passionua_anubis: куль 3213
[19/28] 2026-05-11_iem_natusvincere-vs-passionua_mirage: куль 1733
[20/28] 2026-05-12_iem_natusvincere-vs-gamerlegion_ancient: куль 1528
[21/28] 2026-05-12_iem_natusvincere-vs-gamerlegion_ancient2: куль 206
[22/28] 2026-05-12_iem_natusvincere-vs-gamerlegion_inferno: куль 2316
[23/28] 2026-05-12_iem_natusvincere-vs-gamerlegion_mirage: куль 2731
[24/28] 2026-05-14_iem_natusvincere-vs-legacy_ancient: куль 2350
[25/28] 2026-05-14_iem_natusvincere-vs-legacy_dust2: куль 2549
[26/28] 2026-05-14_iem_natusvincere-vs-legacy_inferno: куль 3129
[27/28] 2026-05-16_iem_natusvincere-vs-betboom_ancient: куль 2585
[28/28] 2026-05-16_iem_natusvincere-vs-betboom_nuke: куль 2254

звірка з weapons.vdata: збіглось 15 з 15 видів зброї
        зброя  vdata стоячи  vdata рух (осн.)  vdata рух (альт.)  демка стоячи  демка r>0.95 (медіана) збіг стоячи+рух
        AK-47       0.00641           0.17506            0.17506       0.00641                 0.18147        основний
       M4A1-S       0.00490           0.09288            0.12200       0.00490                 0.12690  альтернативний
         M4A4       0.00490           0.13788            0.12200       0.00490                 0.14278        основний
     Galil AR       0.00877           0.12356            0.10652       0.00877                 0.13233        основний
        FAMAS       0.00759           0.09934            0.09934       0.00759                 0.10693        основний
        USP-S       0.00490           0.01387            0.01387       0.00490                 0.01877        основний
     Glock-18       0.00560           0.01000            0.01295       0.00560                 0.01560        основний
 Desert Eagle       0.00420           0.04810            0.04810       0.00420                 0.05230        основний
          MP9       0.00900           0.02904            0.02904       0.00900                 0.03804        основний
         P250       0.00910           0.02000            0.01341       0.00910                 0.02910        основний
        Tec-9       0.00490           0.00381            0.00381       0.00490                 0.00871        основний
   Five-SeveN       0.00910           0.04000            0.01341       0.00910                 0.04910        основний
          MP7       0.01000           0.01986            0.01986       0.01000                 0.02986        основний
Dual Berettas       0.00700           0.01785            0.01785       0.00700                 0.02485        основний
        P2000       0.00490           0.01300            0.01387       0.00490                 0.01790        основний
        відбір    частка max  куль  частка точних
  усі постріли (-0.001, 0.1]  2255          0.803
  усі постріли    (0.1, 0.2]  1337          0.844
  усі постріли   (0.2, 0.24]   536          0.856
  усі постріли  (0.24, 0.26]   255          0.827
  усі постріли  (0.26, 0.28]   242          0.690
  усі постріли   (0.28, 0.3]   230          0.709
  усі постріли   (0.3, 0.32]   226          0.730
  усі постріли  (0.32, 0.34]   215          0.628
  усі постріли  (0.34, 0.36]   196          0.658
  усі постріли  (0.36, 0.38]   152          0.605
  усі постріли   (0.38, 0.4]   163          0.595
  усі постріли   (0.4, 0.44]   361          0.535
  усі постріли   (0.44, 0.5]   475          0.512
  усі постріли    (0.5, 0.6]   618          0.129
  усі постріли    (0.6, 0.8]   690          0.022
  усі постріли   (0.8, 1.01]  1301          0.009
розмах <= 0.05 (-0.001, 0.1]  1163          0.781
розмах <= 0.05    (0.1, 0.2]   152          0.822
розмах <= 0.05   (0.2, 0.24]    72          0.861
розмах <= 0.05  (0.24, 0.26]    48          0.812
розмах <= 0.05  (0.26, 0.28]    23          0.783
розмах <= 0.05   (0.28, 0.3]    21          0.905
розмах <= 0.05   (0.3, 0.32]    27          0.630
розмах <= 0.05  (0.32, 0.34]    28          0.357
розмах <= 0.05  (0.34, 0.36]    17          0.235
розмах <= 0.05  (0.36, 0.38]    15          0.200
розмах <= 0.05   (0.38, 0.4]     9          0.111
розмах <= 0.05   (0.4, 0.44]    44          0.045
розмах <= 0.05   (0.44, 0.5]    51          0.000
розмах <= 0.05    (0.5, 0.6]   154          0.000
розмах <= 0.05    (0.6, 0.8]   129          0.000
розмах <= 0.05   (0.8, 1.01]   974          0.000
розмах <= 0.03 (-0.001, 0.1]   937          0.789
розмах <= 0.03    (0.1, 0.2]    51          0.824
розмах <= 0.03   (0.2, 0.24]    36          0.806
розмах <= 0.03  (0.24, 0.26]    31          0.806
розмах <= 0.03  (0.26, 0.28]    18          0.722
розмах <= 0.03   (0.28, 0.3]    14          0.857
розмах <= 0.03   (0.3, 0.32]    18          0.722
розмах <= 0.03  (0.32, 0.34]    22          0.227
розмах <= 0.03  (0.34, 0.36]    13          0.231
розмах <= 0.03  (0.36, 0.38]    10          0.000
розмах <= 0.03   (0.38, 0.4]     5          0.000
розмах <= 0.03   (0.4, 0.44]    25          0.000
розмах <= 0.03   (0.44, 0.5]    30          0.000
розмах <= 0.03    (0.5, 0.6]   108          0.000
розмах <= 0.03    (0.6, 0.8]    58          0.000
розмах <= 0.03   (0.8, 1.01]   888          0.000

перших куль на землі без присіду: 9353 з 28 демок
AK-47          звичайний  n= 2976  t=0.3500 [0.3200; 0.3726]  u=0.76  b=0.01013  m=0.15452
AWP            звичайний  n=  673  t=0.2000 [0.2000; 0.2351]  u=0.73  b=0.00764  m=0.35694
Desert Eagle   звичайний  n=  357  t=0.2475 [0.2199; 0.3351]  u=0.84  b=0.00543  m=0.05055
Galil AR       звичайний  n=  505  t=0.3650 [0.2650; 0.4051]  u=0.76  b=0.01328  m=0.11179
Glock-18       звичайний  n=  792  t=0.2150 [0.2000; 0.2725]  u=0.70  b=0.00675  m=0.00970
M4A1-S         звичайний  n= 1124  t=0.2850 [0.2499; 0.3125]  u=0.81  b=0.00627  m=0.11169
M4A4           звичайний  n=  623  t=0.3675 [0.3197; 0.3976]  u=0.77  b=0.00955  m=0.12325
MP9            звичайний  n=  301  t=0.2350 [0.2000; 0.2976]  u=0.84  b=0.00917  m=0.02985
USP-S          звичайний  n=  854  t=0.2500 [0.2000; 0.3126]  u=0.76  b=0.00547  m=0.01412

крива (усі зброї разом, надлишок / m):
    частка max  куль  надлишок медіана  надлишок p90
(-0.001, 0.02]   936           -0.0172       -0.0040
  (0.02, 0.04]   296           -0.0241       -0.0034
  (0.04, 0.06]   315           -0.0241        0.0049
  (0.06, 0.08]   234           -0.0241        0.0111
   (0.08, 0.1]   272           -0.0241       -0.0057
   (0.1, 0.12]   282           -0.0241       -0.0116
  (0.12, 0.14]   224           -0.0241       -0.0057
  (0.14, 0.16]   229           -0.0241       -0.0083
  (0.16, 0.18]   245           -0.0241       -0.0059
   (0.18, 0.2]   215           -0.0241        0.0019
   (0.2, 0.22]   245           -0.0241       -0.0085
  (0.22, 0.24]   231           -0.0241       -0.0076
  (0.24, 0.26]   226           -0.0241       -0.0090
  (0.26, 0.28]   216           -0.0241        0.3817
   (0.28, 0.3]   204           -0.0241        0.4166
   (0.3, 0.32]   194           -0.0241        0.4856
  (0.32, 0.34]   188           -0.0241        0.6178
  (0.34, 0.36]   179           -0.0241        0.5775
  (0.36, 0.38]   132           -0.0229        0.6037
   (0.38, 0.4]   150           -0.0240        0.6362
   (0.4, 0.42]   159           -0.0122        0.7363
  (0.42, 0.44]   166           -0.0240        0.7097
  (0.44, 0.46]   147           -0.0123        0.7907
  (0.46, 0.48]   144           -0.0123        0.7101
   (0.48, 0.5]   131            0.0354        0.7893
   (0.5, 0.52]   189            0.2817        0.7608
  (0.52, 0.54]   114            0.3470        0.8567
  (0.54, 0.56]    71            0.5325        0.8474
  (0.56, 0.58]    93            0.6915        0.9108
   (0.58, 0.6]    90            0.6201        0.9095
   (0.6, 0.62]    69            0.6404        0.9073
  (0.62, 0.64]    73            0.6889        0.9182
  (0.64, 0.66]    67            0.7375        0.9458
  (0.66, 0.68]    59            0.7426        0.9434
   (0.68, 0.7]    57            0.7800        0.9155
   (0.7, 0.72]    59            0.7951        0.9738
  (0.72, 0.74]    61            0.8126        0.9641
  (0.74, 0.76]    58            0.8335        1.0084
  (0.76, 0.78]    52            0.8498        1.0268
   (0.78, 0.8]    58            0.8688        1.0120
   (0.8, 0.82]    53            0.8895        1.0231
  (0.82, 0.84]    49            0.9002        1.0334
  (0.84, 0.86]    53            0.9725        1.0749
  (0.86, 0.88]    49            0.9216        1.0580
   (0.88, 0.9]    58            0.9449        1.0645
   (0.9, 0.92]    62            0.9575        1.0810
  (0.92, 0.94]    83            0.9632        1.1031
  (0.94, 0.96]   123            0.9447        1.1014
  (0.96, 0.98]   171            0.9419        1.1089
   (0.98, 1.0]   291            0.9419        1.1089

-> /Users/yuriikuzhii/projects/hltv_parser/article5_movement/outputs/threshold
